/app
/app/arcadia
/app/cdcloader
/app/cdcloader/oozie
/app/cdcloader/oozie/workflows
/app/cdcloader/oozie/coordinators
/app/cdcloader/jars
/app/trifacta
/datahub
/datahub/ecm
/datahub/ecm/branch
/datahub/ecm/branch/genius
/datahub/ecm/branch/ndex
/datahub/ecm/broker
/datahub/ecm/broker/genius
/datahub/ecm/broker/ndex
/datahub/ecm/causeofloss
/datahub/ecm/causeofloss/genius
/datahub/ecm/causeofloss/ndex
/datahub/ecm/claim
/datahub/ecm/claim/genius
/datahub/ecm/claim/ndex
/datahub/ecm/claimant
/datahub/ecm/claimant/genius
/datahub/ecm/claimant/ndex
/datahub/ecm/claimstatus
/datahub/ecm/claimstatus/genius
/datahub/ecm/claimstatus/ndex
/datahub/ecm/claimtransaction
/datahub/ecm/claimtransaction/genius
/datahub/ecm/claimtransaction/ndex
/datahub/ecm/currency
/datahub/ecm/currency/genius
/datahub/ecm/currency/ndex
/datahub/ecm/deduction
/datahub/ecm/deduction/genius
/datahub/ecm/deduction/ndex
/datahub/ecm/deductiontype
/datahub/ecm/deductiontype/genius
/datahub/ecm/deductiontype/ndex
/datahub/ecm/geography
/datahub/ecm/geography/genius
/datahub/ecm/geography/ndex
/datahub/ecm/geographytype
/datahub/ecm/geographytype/genius
/datahub/ecm/geographytype/ndex
/datahub/ecm/insured
/datahub/ecm/insured/genius
/datahub/ecm/insured/ndex
/datahub/ecm/legalentity
/datahub/ecm/legalentity/genius
/datahub/ecm/legalentity/ndex
/datahub/ecm/limitexcess
/datahub/ecm/limitexcess/genius
/datahub/ecm/limitexcess/ndex
/datahub/ecm/limitexcesstype
/datahub/ecm/limitexcesstype/genius
/datahub/ecm/limitexcesstype/ndex
/datahub/ecm/lineofbusiness
/datahub/ecm/lineofbusiness/genius
/datahub/ecm/lineofbusiness/ndex
/datahub/ecm/losstype
/datahub/ecm/losstype/genius
/datahub/ecm/losstype/ndex
/datahub/ecm/methodofplacement
/datahub/ecm/methodofplacement/genius
/datahub/ecm/methodofplacement/ndex
/datahub/ecm/policy
/datahub/ecm/policy/genius
/datahub/ecm/policy/ndex
/datahub/ecm/policyeventtype
/datahub/ecm/policyeventtype/genius
/datahub/ecm/policyeventtype/ndex
/datahub/ecm/policystatus
/datahub/ecm/policystatus/genius
/datahub/ecm/policystatus/ndex
/datahub/ecm/policytransaction
/datahub/ecm/policytransaction/genius
/datahub/ecm/policytransaction/ndex
/datahub/ecm/sourcesystem
/datahub/ecm/sourcesystem/genius
/datahub/ecm/sourcesystem/ndex
/datahub/ecm/transactiontype
/datahub/ecm/transactiontype/genius
/datahub/ecm/transactiontype/ndex
/datahub/ecm/underwriter
/datahub/ecm/underwriter/genius
/datahub/ecm/underwriter/ndex
/etl
/etl/cdc
/etl/cdc/attunity/ndex
/etl/cdc/cdcloader/ndex
/etl/cdc/cdcloader/ndex/broking_company
/etl/cdc/cdcloader/ndex/broking_company/output
/etl/cdc/cdcloader/ndex/broking_company/output/incompletechanges
/etl/cdc/cdcloader/ndex/broking_company/output/active
/etl/cdc/cdcloader/ndex/broking_company/output/metrics
/etl/cdc/cdcloader/ndex/broking_company/output/history
/etl/cdc/cdcloader/ndex/broking_company/metrics
/etl/cdc/cdcloader/ndex/broking_company/active
/etl/cdc/cdcloader/ndex/broking_company/changes
/etl/cdc/cdcloader/ndex/layer
/etl/cdc/cdcloader/ndex/layer/output
/etl/cdc/cdcloader/ndex/layer/output/incompletechanges
/etl/cdc/cdcloader/ndex/layer/output/active
/etl/cdc/cdcloader/ndex/layer/output/metrics
/etl/cdc/cdcloader/ndex/layer/output/history
/etl/cdc/cdcloader/ndex/layer/metrics
/etl/cdc/cdcloader/ndex/layer/active
/etl/cdc/cdcloader/ndex/layer/changes
/etl/cdc/cdcloader/ndex/layer_deduction
/etl/cdc/cdcloader/ndex/layer_deduction/output
/etl/cdc/cdcloader/ndex/layer_deduction/output/incompletechanges
/etl/cdc/cdcloader/ndex/layer_deduction/output/active
/etl/cdc/cdcloader/ndex/layer_deduction/output/metrics
/etl/cdc/cdcloader/ndex/layer_deduction/output/history
/etl/cdc/cdcloader/ndex/layer_deduction/metrics
/etl/cdc/cdcloader/ndex/layer_deduction/active
/etl/cdc/cdcloader/ndex/layer_deduction/changes
/etl/cdc/cdcloader/ndex/line
/etl/cdc/cdcloader/ndex/line/output
/etl/cdc/cdcloader/ndex/line/output/incompletechanges
/etl/cdc/cdcloader/ndex/line/output/active
/etl/cdc/cdcloader/ndex/line/output/metrics
/etl/cdc/cdcloader/ndex/line/output/history
/etl/cdc/cdcloader/ndex/line/metrics
/etl/cdc/cdcloader/ndex/line/active
/etl/cdc/cdcloader/ndex/line/changes
/etl/cdc/cdcloader/ndex/lookup_country
/etl/cdc/cdcloader/ndex/lookup_country/output
/etl/cdc/cdcloader/ndex/lookup_country/output/incompletechanges
/etl/cdc/cdcloader/ndex/lookup_country/output/active
/etl/cdc/cdcloader/ndex/lookup_country/output/metrics
/etl/cdc/cdcloader/ndex/lookup_country/output/history
/etl/cdc/cdcloader/ndex/lookup_country/metrics
/etl/cdc/cdcloader/ndex/lookup_country/active
/etl/cdc/cdcloader/ndex/lookup_country/changes
/etl/cdc/cdcloader/ndex/lookup_currency
/etl/cdc/cdcloader/ndex/lookup_currency/output
/etl/cdc/cdcloader/ndex/lookup_currency/output/incompletechanges
/etl/cdc/cdcloader/ndex/lookup_currency/output/active
/etl/cdc/cdcloader/ndex/lookup_currency/output/metrics
/etl/cdc/cdcloader/ndex/lookup_currency/output/history
/etl/cdc/cdcloader/ndex/lookup_currency/metrics
/etl/cdc/cdcloader/ndex/lookup_currency/active
/etl/cdc/cdcloader/ndex/lookup_currency/changes
/etl/cdc/cdcloader/ndex/lookup_deduction_type
/etl/cdc/cdcloader/ndex/lookup_currency
/etl/cdc/cdcloader/ndex/lookup_currency/output
/etl/cdc/cdcloader/ndex/lookup_currency/output/incompletechanges
/etl/cdc/cdcloader/ndex/lookup_currency/output/active
/etl/cdc/cdcloader/ndex/lookup_currency/output/metrics
/etl/cdc/cdcloader/ndex/lookup_currency/output/history
/etl/cdc/cdcloader/ndex/lookup_currency/metrics
/etl/cdc/cdcloader/ndex/lookup_currency/active
/etl/cdc/cdcloader/ndex/lookup_currency/changes
/etl/cdc/cdcloader/ndex/lookup_line_status
/etl/cdc/cdcloader/ndex/lookup_line_status/output
/etl/cdc/cdcloader/ndex/lookup_line_status/output/incompletechanges
/etl/cdc/cdcloader/ndex/lookup_line_status/output/active
/etl/cdc/cdcloader/ndex/lookup_line_status/output/metrics
/etl/cdc/cdcloader/ndex/lookup_line_status/output/history
/etl/cdc/cdcloader/ndex/lookup_line_status/metrics
/etl/cdc/cdcloader/ndex/lookup_line_status/active
/etl/cdc/cdcloader/ndex/lookup_line_status/changes
/etl/cdc/cdcloader/ndex/lookup_profit_centre
/etl/cdc/cdcloader/ndex/lookup_profit_centre/output
/etl/cdc/cdcloader/ndex/lookup_profit_centre/output/incompletechanges
/etl/cdc/cdcloader/ndex/lookup_profit_centre/output/active
/etl/cdc/cdcloader/ndex/lookup_profit_centre/output/metrics
/etl/cdc/cdcloader/ndex/lookup_profit_centre/output/history
/etl/cdc/cdcloader/ndex/lookup_profit_centre/metrics
/etl/cdc/cdcloader/ndex/lookup_profit_centre/active
/etl/cdc/cdcloader/ndex/lookup_profit_centre/changes
/etl/cdc/cdcloader/ndex/lookup_renewal_status
/etl/cdc/cdcloader/ndex/lookup_renewal_status/output
/etl/cdc/cdcloader/ndex/lookup_renewal_status/output/incompletechanges
/etl/cdc/cdcloader/ndex/lookup_renewal_status/output/active
/etl/cdc/cdcloader/ndex/lookup_renewal_status/output/metrics
/etl/cdc/cdcloader/ndex/lookup_renewal_status/output/history
/etl/cdc/cdcloader/ndex/lookup_renewal_status/metrics
/etl/cdc/cdcloader/ndex/lookup_renewal_status/active
/etl/cdc/cdcloader/ndex/lookup_renewal_status/changes
/etl/cdc/cdcloader/ndex/organisation
/etl/cdc/cdcloader/ndex/organisation/output
/etl/cdc/cdcloader/ndex/organisation/output/incompletechanges
/etl/cdc/cdcloader/ndex/organisation/output/active
/etl/cdc/cdcloader/ndex/organisation/output/metrics
/etl/cdc/cdcloader/ndex/organisation/output/history
/etl/cdc/cdcloader/ndex/organisation/metrics
/etl/cdc/cdcloader/ndex/organisation/active
/etl/cdc/cdcloader/ndex/organisation/changes
/etl/cdc/cdcloader/ndex/risk
/etl/cdc/cdcloader/ndex/risk/output
/etl/cdc/cdcloader/ndex/risk/output/incompletechanges
/etl/cdc/cdcloader/ndex/risk/output/active
/etl/cdc/cdcloader/ndex/risk/output/metrics
/etl/cdc/cdcloader/ndex/risk/output/history
/etl/cdc/cdcloader/ndex/risk/metrics
/etl/cdc/cdcloader/ndex/risk/active
/etl/cdc/cdcloader/ndex/risk/changes
/etl/cdc/cdcloader/ndex/submission
/etl/cdc/cdcloader/ndex/submission/output
/etl/cdc/cdcloader/ndex/submission/output/incompletechanges
/etl/cdc/cdcloader/ndex/submission/output/active
/etl/cdc/cdcloader/ndex/submission/output/metrics
/etl/cdc/cdcloader/ndex/submission/output/history
/etl/cdc/cdcloader/ndex/submission/metrics
/etl/cdc/cdcloader/ndex/submission/active
/etl/cdc/cdcloader/ndex/submission/changes
/metadata
/refining
/refining/sandbox
/sourcedata
/sourcedata/acquisitions
/sourcedata/claimcentre
/sourcedata/duckcreek
/sourcedata/genius
/sourcedata/ndex
/sourcedata/reference