/etl
/etl/cdc
/etl/cdc/attunity/ndex
/etl/cdc/attunity/ndex/policy
/etl/cdc/attunity/ndex/policy/input
/etl/cdc/attunity/ndex/policy/output
/etl/cdc/attunity/ndex/policy/process
/etl/cdc/attunity/ndex/policy/error
/etl/cdc/attunity/ndex/policy/archive
/etl/cdc/cdcloader/ndex
/etl/cdc/cdcloader/ndex/policy
/etl/cdc/cdcloader/ndex/policy/input
/etl/cdc/cdcloader/ndex/policy/output
/etl/cdc/cdcloader/ndex/policy/process
/etl/cdc/cdcloader/ndex/policy/error
/etl/cdc/cdcloader/ndex/policy/archive
/etl/ecm
/etl/ecm/ecmtransformer
/etl/ecm/ecmtransformer/policy
/etl/ecm/ecmtransformer/policy/input
/etl/ecm/ecmtransformer/policy/output
/etl/ecm/ecmtransformer/policy/process
/etl/ecm/ecmtransformer/policy/error
/etl/ecm/ecmtransformer/policy/archive
/etl/ecm/ecmloader
/etl/ecm/ecmloader/policy
/etl/ecm/ecmloader/policy/input
/etl/ecm/ecmloader/policy/output
/etl/ecm/ecmloader/policy/process
/etl/ecm/ecmloader/policy/error
/etl/ecm/ecmloader/policy/archive
/sourcedata
/sourcedata/ndex
/sourcedata/genius
/sourcedata/duckcreek
/sourcedata/claimcentre
/sourcedata/reference
/sourcedata/acquisitions
/refining
/refining/sandbox
/datahub
/datahub/ecm
/datahub/ecm/policy
/app
/app/oozie
/app/oozie/cdc/cdcloader
/app/oozie/ecm/ecmtransformer
/app/oozie/ecm/ecmloader
/app/trifacta
/app/arcadia
/metadata
