/app
/app/arcadia
/app/oozie
/app/oozie/cdc/cdcloader
/app/oozie/ecm/ecmloader
/app/oozie/ecm/ecmtransformer
/app/trifacta
/datahub
/datahub/ecm
/datahub/ecm/branch
/datahub/ecm/branch/genius
/datahub/ecm/branch/ndex
/datahub/ecm/broker
/datahub/ecm/broker/genius
/datahub/ecm/broker/ndex
/datahub/ecm/causeofloss
/datahub/ecm/causeofloss/genius
/datahub/ecm/causeofloss/ndex
/datahub/ecm/claim
/datahub/ecm/claim/genius
/datahub/ecm/claim/ndex
/datahub/ecm/claimant
/datahub/ecm/claimant/genius
/datahub/ecm/claimant/ndex
/datahub/ecm/claimstatus
/datahub/ecm/claimstatus/genius
/datahub/ecm/claimstatus/ndex
/datahub/ecm/claimtransaction
/datahub/ecm/claimtransaction/genius
/datahub/ecm/claimtransaction/ndex
/datahub/ecm/currency
/datahub/ecm/currency/genius
/datahub/ecm/currency/ndex
/datahub/ecm/deduction
/datahub/ecm/deduction/genius
/datahub/ecm/deduction/ndex
/datahub/ecm/deductiontype
/datahub/ecm/deductiontype/genius
/datahub/ecm/deductiontype/ndex
/datahub/ecm/geography
/datahub/ecm/geography/genius
/datahub/ecm/geography/ndex
/datahub/ecm/geographytype
/datahub/ecm/geographytype/genius
/datahub/ecm/geographytype/ndex
/datahub/ecm/insured
/datahub/ecm/insured/genius
/datahub/ecm/insured/ndex
/datahub/ecm/legalentity
/datahub/ecm/legalentity/genius
/datahub/ecm/legalentity/ndex
/datahub/ecm/limitexcess
/datahub/ecm/limitexcess/genius
/datahub/ecm/limitexcess/ndex
/datahub/ecm/limitexcesstype
/datahub/ecm/limitexcesstype/genius
/datahub/ecm/limitexcesstype/ndex
/datahub/ecm/lineofbusiness
/datahub/ecm/lineofbusiness/genius
/datahub/ecm/lineofbusiness/ndex
/datahub/ecm/losstype
/datahub/ecm/losstype/genius
/datahub/ecm/losstype/ndex
/datahub/ecm/methodofplacement
/datahub/ecm/methodofplacement/genius
/datahub/ecm/methodofplacement/ndex
/datahub/ecm/policy
/datahub/ecm/policy/genius
/datahub/ecm/policy/ndex
/datahub/ecm/policyeventtype
/datahub/ecm/policyeventtype/genius
/datahub/ecm/policyeventtype/ndex
/datahub/ecm/policystatus
/datahub/ecm/policystatus/genius
/datahub/ecm/policystatus/ndex
/datahub/ecm/policytransaction
/datahub/ecm/policytransaction/genius
/datahub/ecm/policytransaction/ndex
/datahub/ecm/sourcesystem
/datahub/ecm/sourcesystem/genius
/datahub/ecm/sourcesystem/ndex
/datahub/ecm/transactiontype
/datahub/ecm/transactiontype/genius
/datahub/ecm/transactiontype/ndex
/datahub/ecm/underwriter
/datahub/ecm/underwriter/genius
/datahub/ecm/underwriter/ndex
/etl
/etl/cdc
/etl/cdc/attunity/ndex
/etl/cdc/attunity/ndex/broking_company/input
/etl/cdc/attunity/ndex/layer/input
/etl/cdc/attunity/ndex/layer_deduction/input
/etl/cdc/attunity/ndex/line/input
/etl/cdc/attunity/ndex/lookup_country/input
/etl/cdc/attunity/ndex/lookup_currency/input
/etl/cdc/attunity/ndex/lookup_deduction_type/input
/etl/cdc/attunity/ndex/lookup_line_status/input
/etl/cdc/attunity/ndex/lookup_profit_centre/input
/etl/cdc/attunity/ndex/lookup_renewal_status/input
/etl/cdc/attunity/ndex/organisation/input
/etl/cdc/attunity/ndex/policy
/etl/cdc/attunity/ndex/policy/archive
/etl/cdc/attunity/ndex/policy/error
/etl/cdc/attunity/ndex/policy/input
/etl/cdc/attunity/ndex/policy/output
/etl/cdc/attunity/ndex/policy/process
/etl/cdc/attunity/ndex/risk/input
/etl/cdc/attunity/ndex/submission/input
/etl/cdc/cdcloader/ndex
/etl/cdc/cdcloader/ndex/broking_company
/etl/cdc/cdcloader/ndex/broking_company/archive
/etl/cdc/cdcloader/ndex/broking_company/error
/etl/cdc/cdcloader/ndex/broking_company/input
/etl/cdc/cdcloader/ndex/broking_company/output
/etl/cdc/cdcloader/ndex/broking_company/processing
/etl/cdc/cdcloader/ndex/layer
/etl/cdc/cdcloader/ndex/layer/archive
/etl/cdc/cdcloader/ndex/layer/error
/etl/cdc/cdcloader/ndex/layer/input
/etl/cdc/cdcloader/ndex/layer/output
/etl/cdc/cdcloader/ndex/layer/processing
/etl/cdc/cdcloader/ndex/layer_deduction
/etl/cdc/cdcloader/ndex/layer_deduction/archive
/etl/cdc/cdcloader/ndex/layer_deduction/error
/etl/cdc/cdcloader/ndex/layer_deduction/input
/etl/cdc/cdcloader/ndex/layer_deduction/output
/etl/cdc/cdcloader/ndex/layer_deduction/processing
/etl/cdc/cdcloader/ndex/line
/etl/cdc/cdcloader/ndex/line/archive
/etl/cdc/cdcloader/ndex/line/error
/etl/cdc/cdcloader/ndex/line/input
/etl/cdc/cdcloader/ndex/line/output
/etl/cdc/cdcloader/ndex/line/processing
/etl/cdc/cdcloader/ndex/lookup_country
/etl/cdc/cdcloader/ndex/lookup_country/archive
/etl/cdc/cdcloader/ndex/lookup_country/error
/etl/cdc/cdcloader/ndex/lookup_country/input
/etl/cdc/cdcloader/ndex/lookup_country/output
/etl/cdc/cdcloader/ndex/lookup_country/processing
/etl/cdc/cdcloader/ndex/lookup_currency
/etl/cdc/cdcloader/ndex/lookup_currency/archive
/etl/cdc/cdcloader/ndex/lookup_currency/error
/etl/cdc/cdcloader/ndex/lookup_currency/input
/etl/cdc/cdcloader/ndex/lookup_currency/output
/etl/cdc/cdcloader/ndex/lookup_currency/processing
/etl/cdc/cdcloader/ndex/lookup_deduction_type
/etl/cdc/cdcloader/ndex/lookup_deduction_type/archive
/etl/cdc/cdcloader/ndex/lookup_deduction_type/error
/etl/cdc/cdcloader/ndex/lookup_deduction_type/input
/etl/cdc/cdcloader/ndex/lookup_deduction_type/output
/etl/cdc/cdcloader/ndex/lookup_deduction_type/processing
/etl/cdc/cdcloader/ndex/lookup_line_status
/etl/cdc/cdcloader/ndex/lookup_line_status/archive
/etl/cdc/cdcloader/ndex/lookup_line_status/error
/etl/cdc/cdcloader/ndex/lookup_line_status/input
/etl/cdc/cdcloader/ndex/lookup_line_status/output
/etl/cdc/cdcloader/ndex/lookup_line_status/processing
/etl/cdc/cdcloader/ndex/lookup_profit_centre
/etl/cdc/cdcloader/ndex/lookup_profit_centre/archive
/etl/cdc/cdcloader/ndex/lookup_profit_centre/error
/etl/cdc/cdcloader/ndex/lookup_profit_centre/input
/etl/cdc/cdcloader/ndex/lookup_profit_centre/output
/etl/cdc/cdcloader/ndex/lookup_profit_centre/processing
/etl/cdc/cdcloader/ndex/lookup_renewal_status
/etl/cdc/cdcloader/ndex/lookup_renewal_status/archive
/etl/cdc/cdcloader/ndex/lookup_renewal_status/error
/etl/cdc/cdcloader/ndex/lookup_renewal_status/input
/etl/cdc/cdcloader/ndex/lookup_renewal_status/output
/etl/cdc/cdcloader/ndex/lookup_renewal_status/processing
/etl/cdc/cdcloader/ndex/organisation
/etl/cdc/cdcloader/ndex/organisation/archive
/etl/cdc/cdcloader/ndex/organisation/error
/etl/cdc/cdcloader/ndex/organisation/input
/etl/cdc/cdcloader/ndex/organisation/output
/etl/cdc/cdcloader/ndex/organisation/processing
/etl/cdc/cdcloader/ndex/risk
/etl/cdc/cdcloader/ndex/risk/archive
/etl/cdc/cdcloader/ndex/risk/error
/etl/cdc/cdcloader/ndex/risk/input
/etl/cdc/cdcloader/ndex/risk/output
/etl/cdc/cdcloader/ndex/risk/processing
/etl/cdc/cdcloader/ndex/submission
/etl/cdc/cdcloader/ndex/submission/archive
/etl/cdc/cdcloader/ndex/submission/error
/etl/cdc/cdcloader/ndex/submission/input
/etl/cdc/cdcloader/ndex/submission/output
/etl/cdc/cdcloader/ndex/submission/processing
/etl/ecm
/etl/ecm/ecmloader
/etl/ecm/ecmloader/datahub
/etl/ecm/ecmloader/datahub/Branch
/etl/ecm/ecmloader/datahub/Branch/input/genius
/etl/ecm/ecmloader/datahub/Branch/output/genius
/etl/ecm/ecmloader/datahub/Branch/output/ndex
/etl/ecm/ecmloader/datahub/Branch/processing/genius
/etl/ecm/ecmloader/datahub/Branch/processing/ndex
/etl/ecm/ecmloader/datahub/Broker
/etl/ecm/ecmloader/datahub/Broker/input/genius
/etl/ecm/ecmloader/datahub/Broker/output/genius
/etl/ecm/ecmloader/datahub/Broker/output/ndex
/etl/ecm/ecmloader/datahub/Broker/processing/genius
/etl/ecm/ecmloader/datahub/Broker/processing/ndex
/etl/ecm/ecmloader/datahub/CauseOfLoss
/etl/ecm/ecmloader/datahub/CauseOfLoss/input/genius
/etl/ecm/ecmloader/datahub/CauseOfLoss/output/genius
/etl/ecm/ecmloader/datahub/CauseOfLoss/output/ndex
/etl/ecm/ecmloader/datahub/CauseOfLoss/processing/genius
/etl/ecm/ecmloader/datahub/CauseOfLoss/processing/ndex
/etl/ecm/ecmloader/datahub/Claim
/etl/ecm/ecmloader/datahub/Claim/input/genius
/etl/ecm/ecmloader/datahub/Claim/output/genius
/etl/ecm/ecmloader/datahub/Claim/output/ndex
/etl/ecm/ecmloader/datahub/Claim/processing/genius
/etl/ecm/ecmloader/datahub/Claim/processing/ndex
/etl/ecm/ecmloader/datahub/Claimant
/etl/ecm/ecmloader/datahub/Claimant/input/genius
/etl/ecm/ecmloader/datahub/Claimant/output/genius
/etl/ecm/ecmloader/datahub/Claimant/output/ndex
/etl/ecm/ecmloader/datahub/Claimant/processing/genius
/etl/ecm/ecmloader/datahub/Claimant/processing/ndex
/etl/ecm/ecmloader/datahub/ClaimStatus
/etl/ecm/ecmloader/datahub/ClaimStatus/input/genius
/etl/ecm/ecmloader/datahub/ClaimStatus/output/genius
/etl/ecm/ecmloader/datahub/ClaimStatus/output/ndex
/etl/ecm/ecmloader/datahub/ClaimStatus/processing/genius
/etl/ecm/ecmloader/datahub/ClaimStatus/processing/ndex
/etl/ecm/ecmloader/datahub/ClaimTransaction
/etl/ecm/ecmloader/datahub/ClaimTransaction/input/genius
/etl/ecm/ecmloader/datahub/ClaimTransaction/output/genius
/etl/ecm/ecmloader/datahub/ClaimTransaction/output/ndex
/etl/ecm/ecmloader/datahub/ClaimTransaction/processing/genius
/etl/ecm/ecmloader/datahub/ClaimTransaction/processing/ndex
/etl/ecm/ecmloader/datahub/Currency
/etl/ecm/ecmloader/datahub/Currency/input/genius
/etl/ecm/ecmloader/datahub/Currency/output/genius
/etl/ecm/ecmloader/datahub/Currency/output/ndex
/etl/ecm/ecmloader/datahub/Currency/processing/genius
/etl/ecm/ecmloader/datahub/Currency/processing/ndex
/etl/ecm/ecmloader/datahub/Deduction
/etl/ecm/ecmloader/datahub/Deduction/input/genius
/etl/ecm/ecmloader/datahub/Deduction/output/genius
/etl/ecm/ecmloader/datahub/Deduction/output/ndex
/etl/ecm/ecmloader/datahub/Deduction/processing/genius
/etl/ecm/ecmloader/datahub/Deduction/processing/ndex
/etl/ecm/ecmloader/datahub/DeductionType
/etl/ecm/ecmloader/datahub/DeductionType/input/genius
/etl/ecm/ecmloader/datahub/DeductionType/output/genius
/etl/ecm/ecmloader/datahub/DeductionType/output/ndex
/etl/ecm/ecmloader/datahub/DeductionType/processing/genius
/etl/ecm/ecmloader/datahub/DeductionType/processing/ndex
/etl/ecm/ecmloader/datahub/Geography
/etl/ecm/ecmloader/datahub/Geography/input/genius
/etl/ecm/ecmloader/datahub/Geography/output/genius
/etl/ecm/ecmloader/datahub/Geography/output/ndex
/etl/ecm/ecmloader/datahub/Geography/processing/genius
/etl/ecm/ecmloader/datahub/Geography/processing/ndex
/etl/ecm/ecmloader/datahub/GeographyType
/etl/ecm/ecmloader/datahub/GeographyType/input/genius
/etl/ecm/ecmloader/datahub/GeographyType/output/genius
/etl/ecm/ecmloader/datahub/GeographyType/output/ndex
/etl/ecm/ecmloader/datahub/GeographyType/processing/genius
/etl/ecm/ecmloader/datahub/GeographyType/processing/ndex
/etl/ecm/ecmloader/datahub/Insured
/etl/ecm/ecmloader/datahub/Insured/input/genius
/etl/ecm/ecmloader/datahub/Insured/output/genius
/etl/ecm/ecmloader/datahub/Insured/output/ndex
/etl/ecm/ecmloader/datahub/Insured/processing/genius
/etl/ecm/ecmloader/datahub/Insured/processing/ndex
/etl/ecm/ecmloader/datahub/LegalEntity
/etl/ecm/ecmloader/datahub/LegalEntity/input/genius
/etl/ecm/ecmloader/datahub/LegalEntity/output/genius
/etl/ecm/ecmloader/datahub/LegalEntity/output/ndex
/etl/ecm/ecmloader/datahub/LegalEntity/processing/genius
/etl/ecm/ecmloader/datahub/LegalEntity/processing/ndex
/etl/ecm/ecmloader/datahub/LimitExcess
/etl/ecm/ecmloader/datahub/LimitExcess/input/genius
/etl/ecm/ecmloader/datahub/LimitExcess/output/genius
/etl/ecm/ecmloader/datahub/LimitExcess/output/ndex
/etl/ecm/ecmloader/datahub/LimitExcess/processing/genius
/etl/ecm/ecmloader/datahub/LimitExcess/processing/ndex
/etl/ecm/ecmloader/datahub/LimitExcessType
/etl/ecm/ecmloader/datahub/LimitExcessType/input/genius
/etl/ecm/ecmloader/datahub/LimitExcessType/output/genius
/etl/ecm/ecmloader/datahub/LimitExcessType/output/ndex
/etl/ecm/ecmloader/datahub/LimitExcessType/processing/genius
/etl/ecm/ecmloader/datahub/LimitExcessType/processing/ndex
/etl/ecm/ecmloader/datahub/LineOfBusiness
/etl/ecm/ecmloader/datahub/LineOfBusiness/input/genius
/etl/ecm/ecmloader/datahub/LineOfBusiness/output/genius
/etl/ecm/ecmloader/datahub/LineOfBusiness/output/ndex
/etl/ecm/ecmloader/datahub/LineOfBusiness/processing/genius
/etl/ecm/ecmloader/datahub/LineOfBusiness/processing/ndex
/etl/ecm/ecmloader/datahub/LossType
/etl/ecm/ecmloader/datahub/LossType/input/genius
/etl/ecm/ecmloader/datahub/LossType/output/genius
/etl/ecm/ecmloader/datahub/LossType/output/ndex
/etl/ecm/ecmloader/datahub/LossType/processing/genius
/etl/ecm/ecmloader/datahub/LossType/processing/ndex
/etl/ecm/ecmloader/datahub/MethodOfPlacement
/etl/ecm/ecmloader/datahub/MethodOfPlacement/input/genius
/etl/ecm/ecmloader/datahub/MethodOfPlacement/output/genius
/etl/ecm/ecmloader/datahub/MethodOfPlacement/output/ndex
/etl/ecm/ecmloader/datahub/MethodOfPlacement/processing/genius
/etl/ecm/ecmloader/datahub/MethodOfPlacement/processing/ndex
/etl/ecm/ecmloader/datahub/Policy
/etl/ecm/ecmloader/datahub/Policy/input/genius
/etl/ecm/ecmloader/datahub/Policy/output/genius
/etl/ecm/ecmloader/datahub/Policy/output/ndex
/etl/ecm/ecmloader/datahub/Policy/processing/genius
/etl/ecm/ecmloader/datahub/Policy/processing/ndex
/etl/ecm/ecmloader/datahub/PolicyEventType
/etl/ecm/ecmloader/datahub/PolicyEventType/input/genius
/etl/ecm/ecmloader/datahub/PolicyEventType/output/genius
/etl/ecm/ecmloader/datahub/PolicyEventType/output/ndex
/etl/ecm/ecmloader/datahub/PolicyEventType/processing/genius
/etl/ecm/ecmloader/datahub/PolicyEventType/processing/ndex
/etl/ecm/ecmloader/datahub/PolicyStatus
/etl/ecm/ecmloader/datahub/PolicyStatus/input/genius
/etl/ecm/ecmloader/datahub/PolicyStatus/output/genius
/etl/ecm/ecmloader/datahub/PolicyStatus/output/ndex
/etl/ecm/ecmloader/datahub/PolicyStatus/processing/genius
/etl/ecm/ecmloader/datahub/PolicyStatus/processing/ndex
/etl/ecm/ecmloader/datahub/PolicyTransaction
/etl/ecm/ecmloader/datahub/PolicyTransaction/input/genius
/etl/ecm/ecmloader/datahub/PolicyTransaction/output/genius
/etl/ecm/ecmloader/datahub/PolicyTransaction/output/ndex
/etl/ecm/ecmloader/datahub/PolicyTransaction/processing/genius
/etl/ecm/ecmloader/datahub/PolicyTransaction/processing/ndex
/etl/ecm/ecmloader/datahub/SourceSystem
/etl/ecm/ecmloader/datahub/SourceSystem/input/genius
/etl/ecm/ecmloader/datahub/SourceSystem/output/genius
/etl/ecm/ecmloader/datahub/SourceSystem/output/ndex
/etl/ecm/ecmloader/datahub/SourceSystem/processing/genius
/etl/ecm/ecmloader/datahub/SourceSystem/processing/ndex
/etl/ecm/ecmloader/datahub/TransactionType
/etl/ecm/ecmloader/datahub/TransactionType/input/genius
/etl/ecm/ecmloader/datahub/TransactionType/output/genius
/etl/ecm/ecmloader/datahub/TransactionType/output/ndex
/etl/ecm/ecmloader/datahub/TransactionType/processing/genius
/etl/ecm/ecmloader/datahub/TransactionType/processing/ndex
/etl/ecm/ecmloader/datahub/Underwriter
/etl/ecm/ecmloader/datahub/Underwriter/input/genius
/etl/ecm/ecmloader/datahub/Underwriter/output/genius
/etl/ecm/ecmloader/datahub/Underwriter/output/ndex
/etl/ecm/ecmloader/datahub/Underwriter/processing/genius
/etl/ecm/ecmloader/datahub/Underwriter/processing/ndex
/etl/ecm/ecmtransformer
/etl/ecm/ecmtransformer/datahub
/etl/ecm/ecmtransformer/datahub/Branch
/etl/ecm/ecmtransformer/datahub/Branch/output/genius
/etl/ecm/ecmtransformer/datahub/Branch/output/ndex
/etl/ecm/ecmtransformer/datahub/Branch/processing/genius
/etl/ecm/ecmtransformer/datahub/Branch/processing/ndex
/etl/ecm/ecmtransformer/datahub/Broker
/etl/ecm/ecmtransformer/datahub/Broker/output/genius
/etl/ecm/ecmtransformer/datahub/Broker/output/ndex
/etl/ecm/ecmtransformer/datahub/Broker/processing/genius
/etl/ecm/ecmtransformer/datahub/Broker/processing/ndex
/etl/ecm/ecmtransformer/datahub/CauseOfLoss
/etl/ecm/ecmtransformer/datahub/CauseOfLoss/output/genius
/etl/ecm/ecmtransformer/datahub/CauseOfLoss/output/ndex
/etl/ecm/ecmtransformer/datahub/CauseOfLoss/processing/genius
/etl/ecm/ecmtransformer/datahub/CauseOfLoss/processing/ndex
/etl/ecm/ecmtransformer/datahub/Claim
/etl/ecm/ecmtransformer/datahub/Claim/output/genius
/etl/ecm/ecmtransformer/datahub/Claim/output/ndex
/etl/ecm/ecmtransformer/datahub/Claim/processing/genius
/etl/ecm/ecmtransformer/datahub/Claim/processing/ndex
/etl/ecm/ecmtransformer/datahub/Claimant
/etl/ecm/ecmtransformer/datahub/Claimant/output/genius
/etl/ecm/ecmtransformer/datahub/Claimant/output/ndex
/etl/ecm/ecmtransformer/datahub/Claimant/processing/genius
/etl/ecm/ecmtransformer/datahub/Claimant/processing/ndex
/etl/ecm/ecmtransformer/datahub/ClaimStatus
/etl/ecm/ecmtransformer/datahub/ClaimStatus/output/genius
/etl/ecm/ecmtransformer/datahub/ClaimStatus/output/ndex
/etl/ecm/ecmtransformer/datahub/ClaimStatus/processing/genius
/etl/ecm/ecmtransformer/datahub/ClaimStatus/processing/ndex
/etl/ecm/ecmtransformer/datahub/ClaimTransaction
/etl/ecm/ecmtransformer/datahub/ClaimTransaction/output/genius
/etl/ecm/ecmtransformer/datahub/ClaimTransaction/output/ndex
/etl/ecm/ecmtransformer/datahub/ClaimTransaction/processing/genius
/etl/ecm/ecmtransformer/datahub/ClaimTransaction/processing/ndex
/etl/ecm/ecmtransformer/datahub/Currency
/etl/ecm/ecmtransformer/datahub/Currency/output/genius
/etl/ecm/ecmtransformer/datahub/Currency/output/ndex
/etl/ecm/ecmtransformer/datahub/Currency/processing/genius
/etl/ecm/ecmtransformer/datahub/Currency/processing/ndex
/etl/ecm/ecmtransformer/datahub/Deduction
/etl/ecm/ecmtransformer/datahub/Deduction/output/genius
/etl/ecm/ecmtransformer/datahub/Deduction/output/ndex
/etl/ecm/ecmtransformer/datahub/Deduction/processing/genius
/etl/ecm/ecmtransformer/datahub/Deduction/processing/ndex
/etl/ecm/ecmtransformer/datahub/DeductionType
/etl/ecm/ecmtransformer/datahub/DeductionType/output/genius
/etl/ecm/ecmtransformer/datahub/DeductionType/output/ndex
/etl/ecm/ecmtransformer/datahub/DeductionType/processing/genius
/etl/ecm/ecmtransformer/datahub/DeductionType/processing/ndex
/etl/ecm/ecmtransformer/datahub/Geography
/etl/ecm/ecmtransformer/datahub/Geography/output/genius
/etl/ecm/ecmtransformer/datahub/Geography/output/ndex
/etl/ecm/ecmtransformer/datahub/Geography/processing/genius
/etl/ecm/ecmtransformer/datahub/Geography/processing/ndex
/etl/ecm/ecmtransformer/datahub/GeographyType
/etl/ecm/ecmtransformer/datahub/GeographyType/output/genius
/etl/ecm/ecmtransformer/datahub/GeographyType/output/ndex
/etl/ecm/ecmtransformer/datahub/GeographyType/processing/genius
/etl/ecm/ecmtransformer/datahub/GeographyType/processing/ndex
/etl/ecm/ecmtransformer/datahub/Insured
/etl/ecm/ecmtransformer/datahub/Insured/output/genius
/etl/ecm/ecmtransformer/datahub/Insured/output/ndex
/etl/ecm/ecmtransformer/datahub/Insured/processing/genius
/etl/ecm/ecmtransformer/datahub/Insured/processing/ndex
/etl/ecm/ecmtransformer/datahub/LegalEntity
/etl/ecm/ecmtransformer/datahub/LegalEntity/output/genius
/etl/ecm/ecmtransformer/datahub/LegalEntity/output/ndex
/etl/ecm/ecmtransformer/datahub/LegalEntity/processing/genius
/etl/ecm/ecmtransformer/datahub/LegalEntity/processing/ndex
/etl/ecm/ecmtransformer/datahub/LimitExcess
/etl/ecm/ecmtransformer/datahub/LimitExcess/output/genius
/etl/ecm/ecmtransformer/datahub/LimitExcess/output/ndex
/etl/ecm/ecmtransformer/datahub/LimitExcess/processing/genius
/etl/ecm/ecmtransformer/datahub/LimitExcess/processing/ndex
/etl/ecm/ecmtransformer/datahub/LimitExcessType
/etl/ecm/ecmtransformer/datahub/LimitExcessType/output/genius
/etl/ecm/ecmtransformer/datahub/LimitExcessType/output/ndex
/etl/ecm/ecmtransformer/datahub/LimitExcessType/processing/genius
/etl/ecm/ecmtransformer/datahub/LimitExcessType/processing/ndex
/etl/ecm/ecmtransformer/datahub/LineOfBusiness
/etl/ecm/ecmtransformer/datahub/LineOfBusiness/output/genius
/etl/ecm/ecmtransformer/datahub/LineOfBusiness/output/ndex
/etl/ecm/ecmtransformer/datahub/LineOfBusiness/processing/genius
/etl/ecm/ecmtransformer/datahub/LineOfBusiness/processing/ndex
/etl/ecm/ecmtransformer/datahub/LossType
/etl/ecm/ecmtransformer/datahub/LossType/output/genius
/etl/ecm/ecmtransformer/datahub/LossType/output/ndex
/etl/ecm/ecmtransformer/datahub/LossType/processing/genius
/etl/ecm/ecmtransformer/datahub/LossType/processing/ndex
/etl/ecm/ecmtransformer/datahub/MethodOfPlacement
/etl/ecm/ecmtransformer/datahub/MethodOfPlacement/output/genius
/etl/ecm/ecmtransformer/datahub/MethodOfPlacement/output/ndex
/etl/ecm/ecmtransformer/datahub/MethodOfPlacement/processing/genius
/etl/ecm/ecmtransformer/datahub/MethodOfPlacement/processing/ndex
/etl/ecm/ecmtransformer/datahub/Policy
/etl/ecm/ecmtransformer/datahub/Policy/output/genius
/etl/ecm/ecmtransformer/datahub/Policy/output/ndex
/etl/ecm/ecmtransformer/datahub/Policy/processing/genius
/etl/ecm/ecmtransformer/datahub/Policy/processing/ndex
/etl/ecm/ecmtransformer/datahub/PolicyEventType
/etl/ecm/ecmtransformer/datahub/PolicyEventType/output/genius
/etl/ecm/ecmtransformer/datahub/PolicyEventType/output/ndex
/etl/ecm/ecmtransformer/datahub/PolicyEventType/processing/genius
/etl/ecm/ecmtransformer/datahub/PolicyEventType/processing/ndex
/etl/ecm/ecmtransformer/datahub/PolicyStatus
/etl/ecm/ecmtransformer/datahub/PolicyStatus/output/genius
/etl/ecm/ecmtransformer/datahub/PolicyStatus/output/ndex
/etl/ecm/ecmtransformer/datahub/PolicyStatus/processing/genius
/etl/ecm/ecmtransformer/datahub/PolicyStatus/processing/ndex
/etl/ecm/ecmtransformer/datahub/PolicyTransaction
/etl/ecm/ecmtransformer/datahub/PolicyTransaction/output/genius
/etl/ecm/ecmtransformer/datahub/PolicyTransaction/output/ndex
/etl/ecm/ecmtransformer/datahub/PolicyTransaction/processing/genius
/etl/ecm/ecmtransformer/datahub/PolicyTransaction/processing/ndex
/etl/ecm/ecmtransformer/datahub/SourceSystem
/etl/ecm/ecmtransformer/datahub/SourceSystem/output/genius
/etl/ecm/ecmtransformer/datahub/SourceSystem/output/ndex
/etl/ecm/ecmtransformer/datahub/SourceSystem/processing/genius
/etl/ecm/ecmtransformer/datahub/SourceSystem/processing/ndex
/etl/ecm/ecmtransformer/datahub/TransactionType
/etl/ecm/ecmtransformer/datahub/TransactionType/output/genius
/etl/ecm/ecmtransformer/datahub/TransactionType/output/ndex
/etl/ecm/ecmtransformer/datahub/TransactionType/processing/genius
/etl/ecm/ecmtransformer/datahub/TransactionType/processing/ndex
/etl/ecm/ecmtransformer/datahub/Underwriter
/etl/ecm/ecmtransformer/datahub/Underwriter/output/genius
/etl/ecm/ecmtransformer/datahub/Underwriter/output/ndex
/etl/ecm/ecmtransformer/datahub/Underwriter/processing/genius
/etl/ecm/ecmtransformer/datahub/Underwriter/processing/ndex
/etl/ecm/ecmtransformer/ndex/broking_company/input
/etl/ecm/ecmtransformer/ndex/layer/input
/etl/ecm/ecmtransformer/ndex/layer_deduction/input
/etl/ecm/ecmtransformer/ndex/line/input
/etl/ecm/ecmtransformer/ndex/lookup_country/input
/etl/ecm/ecmtransformer/ndex/lookup_currency/input
/etl/ecm/ecmtransformer/ndex/lookup_deduction_type/input
/etl/ecm/ecmtransformer/ndex/lookup_line_status/input
/etl/ecm/ecmtransformer/ndex/lookup_profit_centre/input
/etl/ecm/ecmtransformer/ndex/lookup_renewal_status/input
/etl/ecm/ecmtransformer/ndex/organisation/input
/etl/ecm/ecmtransformer/ndex/risk/input
/etl/ecm/ecmtransformer/ndex/submission/input
/metadata
/refining
/refining/sandbox
/sourcedata
/sourcedata/acquisitions
/sourcedata/claimcentre
/sourcedata/duckcreek
/sourcedata/genius
/sourcedata/ndex
/sourcedata/reference